
=== PROJECT SEGMENTASI POLIP - UNet ===
Dataset              : D:\unair\Kvasir-SEG
Total pasangan data  : 1000
Train / Val / Test   : 700 / 150 / 150
Image size           : 224 x 224
Batch size           : 8
Epoch                : 10
Learning rate        : 0.0001
Base filters         : 16
Augmentasi train     : aktif
Dropout / L2         : 0.15 / 1e-05
Loss yang diuji      : jaccard, tversky, dice_bce
Catatan mask         : grayscale -> threshold > 127 -> biner 0/1

[1/4] Loading dataset ke memory...
Train arrays         : X(700, 224, 224, 3) y(700, 224, 224, 1)
Val arrays           : X(150, 224, 224, 3) y(150, 224, 224, 1)
Test arrays          : X(150, 224, 224, 3) y(150, 224, 224, 1)

Output akan disimpan setelah training selesai.

[2/4] Training UNet dengan JACCARD (1/3)
  - Membangun arsitektur model...
  - Total parameter model: 1,967,041
  - Menyiapkan optimizer, loss, dan metrik manual...
  - Mulai training loop manual
    epoch 1: training 88 batch...
    epoch 1: validasi 19 batch...
    epoch 1: menyimpan best weights...
Epoch 001/10 - loss=0.8218 dice=0.3578 iou=0.2217 - val_loss=0.8768 val_dice=0.0017 val_iou=0.0009 - best saved
    epoch 2: training 88 batch...
    epoch 2: validasi 19 batch...
Epoch 002/10 - loss=0.7751 dice=0.4267 iou=0.2752 - val_loss=0.8859 val_dice=0.0000 val_iou=0.0000 - no improve (1/8)
    epoch 3: training 88 batch...
    epoch 3: validasi 19 batch...
    epoch 3: menyimpan best weights...
Epoch 003/10 - loss=0.7582 dice=0.4523 iou=0.2969 - val_loss=0.8995 val_dice=0.0021 val_iou=0.0011 - best saved
    epoch 4: training 88 batch...
    epoch 4: validasi 19 batch...
    epoch 4: menyimpan best weights...
Epoch 004/10 - loss=0.7495 dice=0.4686 iou=0.3105 - val_loss=0.8249 val_dice=0.3141 val_iou=0.1905 - best saved
    epoch 5: training 88 batch...
    epoch 5: validasi 19 batch...
    epoch 5: menyimpan best weights...
Epoch 005/10 - loss=0.7401 dice=0.4814 iou=0.3221 - val_loss=0.7580 val_dice=0.4398 val_iou=0.2860 - best saved
    epoch 6: training 88 batch...
    epoch 6: validasi 19 batch...
    epoch 6: menyimpan best weights...
Epoch 006/10 - loss=0.7312 dice=0.4927 iou=0.3311 - val_loss=0.7181 val_dice=0.4942 val_iou=0.3320 - best saved
    epoch 7: training 88 batch...
    epoch 7: validasi 19 batch...
    epoch 7: menyimpan best weights...
Epoch 007/10 - loss=0.7257 dice=0.4947 iou=0.3343 - val_loss=0.7033 val_dice=0.5005 val_iou=0.3368 - best saved
    epoch 8: training 88 batch...
    epoch 8: validasi 19 batch...
    epoch 8: menyimpan best weights...
Epoch 008/10 - loss=0.7183 dice=0.5010 iou=0.3413 - val_loss=0.6796 val_dice=0.5405 val_iou=0.3739 - best saved
    epoch 9: training 88 batch...
    epoch 9: validasi 19 batch...
    epoch 9: menyimpan best weights...
Epoch 009/10 - loss=0.7121 dice=0.5145 iou=0.3512 - val_loss=0.6749 val_dice=0.5441 val_iou=0.3797 - best saved
    epoch 10: training 88 batch...
    epoch 10: validasi 19 batch...
Epoch 010/10 - loss=0.7014 dice=0.5228 iou=0.3594 - val_loss=0.6864 val_dice=0.5163 val_iou=0.3520 - no improve (1/8)
  - Training selesai

[3/4] Evaluasi test set untuk loss JACCARD...
  - Memakai best weights berdasarkan validation Dice
Hasil test:
  accuracy=0.8401 precision=0.4990 recall=0.6854 dice=0.5775 iou=0.4060
  confusion pixels: TP=822521 TN=5500599 FP=825770 FN=377510
  output folder: outputs\unet\hasil-unet-kvasir-seg-2026-09-29_20-22-22\jaccard

[2/4] Training UNet dengan TVERSKY (2/3)
  - Membangun arsitektur model...
  - Total parameter model: 1,967,041
  - Menyiapkan optimizer, loss, dan metrik manual...
  - Mulai training loop manual
    epoch 1: training 88 batch...
    epoch 1: validasi 19 batch...
    epoch 1: menyimpan best weights...
Epoch 001/10 - loss=0.6275 dice=0.3759 iou=0.2366 - val_loss=0.7688 val_dice=0.0000 val_iou=0.0000 - best saved
    epoch 2: training 88 batch...
    epoch 2: validasi 19 batch...
Epoch 002/10 - loss=0.5514 dice=0.4300 iou=0.2788 - val_loss=0.8299 val_dice=0.0000 val_iou=0.0000 - no improve (1/8)
    epoch 3: training 88 batch...
    epoch 3: validasi 19 batch...
    epoch 3: menyimpan best weights...
Epoch 003/10 - loss=0.5177 dice=0.4537 iou=0.2983 - val_loss=0.8377 val_dice=0.0118 val_iou=0.0060 - best saved
    epoch 4: training 88 batch...
    epoch 4: validasi 19 batch...
    epoch 4: menyimpan best weights...
Epoch 004/10 - loss=0.5074 dice=0.4603 iou=0.3031 - val_loss=0.6609 val_dice=0.3399 val_iou=0.2071 - best saved
    epoch 5: training 88 batch...
    epoch 5: validasi 19 batch...
    epoch 5: menyimpan best weights...
Epoch 005/10 - loss=0.4896 dice=0.4803 iou=0.3216 - val_loss=0.5123 val_dice=0.4646 val_iou=0.3047 - best saved
    epoch 6: training 88 batch...
    epoch 6: validasi 19 batch...
    epoch 6: menyimpan best weights...
Epoch 006/10 - loss=0.4821 dice=0.4841 iou=0.3245 - val_loss=0.4842 val_dice=0.5056 val_iou=0.3418 - best saved
    epoch 7: training 88 batch...
    epoch 7: validasi 19 batch...
Epoch 007/10 - loss=0.4787 dice=0.4840 iou=0.3230 - val_loss=0.4523 val_dice=0.4934 val_iou=0.3306 - no improve (1/8)
    epoch 8: training 88 batch...
    epoch 8: validasi 19 batch...
Epoch 008/10 - loss=0.4686 dice=0.4968 iou=0.3369 - val_loss=0.4436 val_dice=0.4897 val_iou=0.3270 - no improve (2/8)
    epoch 9: training 88 batch...
    epoch 9: validasi 19 batch...
    epoch 9: menyimpan best weights...
Epoch 009/10 - loss=0.4609 dice=0.5008 iou=0.3405 - val_loss=0.4227 val_dice=0.5102 val_iou=0.3458 - best saved
    epoch 10: training 88 batch...
    epoch 10: validasi 19 batch...
Epoch 010/10 - loss=0.4553 dice=0.5039 iou=0.3413 - val_loss=0.4220 val_dice=0.5049 val_iou=0.3410 - no improve (1/8)
  - Training selesai

[3/4] Evaluasi test set untuk loss TVERSKY...
  - Memakai best weights berdasarkan validation Dice
Hasil test:
  accuracy=0.7603 precision=0.3889 recall=0.8818 dice=0.5398 iou=0.3697
  confusion pixels: TP=1058247 TN=4663730 FP=1662639 FN=141784
  output folder: outputs\unet\hasil-unet-kvasir-seg-2026-09-29_20-22-22\tversky

[2/4] Training UNet dengan DICE_BCE (3/3)
  - Membangun arsitektur model...
  - Total parameter model: 1,967,041
  - Menyiapkan optimizer, loss, dan metrik manual...
  - Mulai training loop manual
    epoch 1: training 88 batch...
    epoch 1: validasi 19 batch...
    epoch 1: menyimpan best weights...
Epoch 001/10 - loss=1.3778 dice=0.3261 iou=0.1996 - val_loss=1.3293 val_dice=0.0008 val_iou=0.0004 - best saved
    epoch 2: training 88 batch...
    epoch 2: validasi 19 batch...
Epoch 002/10 - loss=1.2439 dice=0.4256 iou=0.2738 - val_loss=1.2620 val_dice=0.0000 val_iou=0.0000 - no improve (1/8)
    epoch 3: training 88 batch...
    epoch 3: validasi 19 batch...
    epoch 3: menyimpan best weights...
Epoch 003/10 - loss=1.1668 dice=0.4619 iou=0.3045 - val_loss=1.2230 val_dice=0.0321 val_iou=0.0165 - best saved
    epoch 4: training 88 batch...
    epoch 4: validasi 19 batch...
    epoch 4: menyimpan best weights...
Epoch 004/10 - loss=1.1124 dice=0.4833 iou=0.3227 - val_loss=1.0966 val_dice=0.4068 val_iou=0.2597 - best saved
    epoch 5: training 88 batch...
    epoch 5: validasi 19 batch...
Epoch 005/10 - loss=1.0639 dice=0.5124 iou=0.3486 - val_loss=1.1040 val_dice=0.3070 val_iou=0.1870 - no improve (1/8)
    epoch 6: training 88 batch...
    epoch 6: validasi 19 batch...
    epoch 6: menyimpan best weights...
Epoch 006/10 - loss=1.0293 dice=0.5274 iou=0.3628 - val_loss=1.0290 val_dice=0.5287 val_iou=0.3633 - best saved
    epoch 7: training 88 batch...
    epoch 7: validasi 19 batch...
    epoch 7: menyimpan best weights...
Epoch 007/10 - loss=1.0164 dice=0.5193 iou=0.3561 - val_loss=0.9550 val_dice=0.5435 val_iou=0.3785 - best saved
    epoch 8: training 88 batch...
    epoch 8: validasi 19 batch...
    epoch 8: menyimpan best weights...
Epoch 008/10 - loss=0.9883 dice=0.5385 iou=0.3731 - val_loss=0.9309 val_dice=0.5689 val_iou=0.4024 - best saved
    epoch 9: training 88 batch...
    epoch 9: validasi 19 batch...
    epoch 9: menyimpan best weights...
Epoch 009/10 - loss=0.9662 dice=0.5477 iou=0.3819 - val_loss=0.8798 val_dice=0.5959 val_iou=0.4295 - best saved
    epoch 10: training 88 batch...
    epoch 10: validasi 19 batch...
Epoch 010/10 - loss=0.9530 dice=0.5510 iou=0.3860 - val_loss=0.8606 val_dice=0.5902 val_iou=0.4260 - no improve (1/8)
  - Training selesai

[3/4] Evaluasi test set untuk loss DICE_BCE...
  - Memakai best weights berdasarkan validation Dice
Hasil test:
  accuracy=0.8756 precision=0.6015 recall=0.6520 dice=0.6257 iou=0.4553
  confusion pixels: TP=782470 TN=5807948 FP=518421 FN=417561
  output folder: outputs\unet\hasil-unet-kvasir-seg-2026-09-29_20-22-22\dice_bce

[4/4] Ringkasan komparasi loss
loss_name  accuracy  precision   recall     dice      iou
 dice_bce  0.875640   0.601488 0.652041 0.625745 0.455334
  jaccard  0.840125   0.499014 0.685416 0.577548 0.406023
  tversky  0.760254   0.388935 0.881850 0.539796 0.369671

Output visual:
Preprocessing        : outputs\unet\hasil-unet-kvasir-seg-2026-09-29_20-22-22\01_visualisasi_resize_normalisasi.png
Train/val/test       : outputs\unet\hasil-unet-kvasir-seg-2026-09-29_20-22-22\02_visualisasi_train_val_test.png
Distribusi split     : outputs\unet\hasil-unet-kvasir-seg-2026-09-29_20-22-22\03_distribusi_train_val_test.png
Hyperparameter       : outputs\unet\hasil-unet-kvasir-seg-2026-09-29_20-22-22\04_hyperparameters.csv
Grafik performa loss : outputs\unet\hasil-unet-kvasir-seg-2026-09-29_20-22-22\06_performa_loss_function.png

Semua output tersimpan di: D:\unair\outputs\unet\hasil-unet-kvasir-seg-2026-09-29_20-22-22
