
=== PROJECT SEGMENTASI POLIP - UNet ===
Dataset              : D:\unair\Kvasir-SEG
Total pasangan data  : 1000
Train / Val / Test   : 700 / 150 / 150
Image size           : 224 x 224
Batch size           : 8
Epoch                : 10
Learning rate        : 0.0001
Base filters         : 16
Augmentasi train     : aktif
Dropout / L2         : 0.15 / 1e-05
Loss yang diuji      : jaccard
Catatan mask         : grayscale -> threshold > 127 -> biner 0/1

[1/4] Loading dataset ke memory...
Train arrays         : X(700, 224, 224, 3) y(700, 224, 224, 1)
Val arrays           : X(150, 224, 224, 3) y(150, 224, 224, 1)
Test arrays          : X(150, 224, 224, 3) y(150, 224, 224, 1)

Output akan disimpan setelah training selesai.

[2/4] Training UNet dengan JACCARD (1/1)
  - Membangun arsitektur model...
  - Total parameter model: 1,967,041
  - Menyiapkan optimizer, loss, dan metrik manual...
  - Mulai training loop manual
    epoch 1: training 88 batch...
    epoch 1: validasi 19 batch...
    epoch 1: menyimpan best weights...
Epoch 001/10 - loss=0.8218 dice=0.3578 iou=0.2217 - val_loss=0.8768 val_dice=0.0017 val_iou=0.0009 - best saved
    epoch 2: training 88 batch...
    epoch 2: validasi 19 batch...
Epoch 002/10 - loss=0.7751 dice=0.4267 iou=0.2752 - val_loss=0.8859 val_dice=0.0000 val_iou=0.0000 - no improve (1/8)
    epoch 3: training 88 batch...
    epoch 3: validasi 19 batch...
    epoch 3: menyimpan best weights...
Epoch 003/10 - loss=0.7582 dice=0.4523 iou=0.2969 - val_loss=0.8995 val_dice=0.0021 val_iou=0.0011 - best saved
    epoch 4: training 88 batch...
    epoch 4: validasi 19 batch...
    epoch 4: menyimpan best weights...
Epoch 004/10 - loss=0.7495 dice=0.4686 iou=0.3105 - val_loss=0.8249 val_dice=0.3141 val_iou=0.1905 - best saved
    epoch 5: training 88 batch...
    epoch 5: validasi 19 batch...
    epoch 5: menyimpan best weights...
Epoch 005/10 - loss=0.7401 dice=0.4814 iou=0.3221 - val_loss=0.7580 val_dice=0.4398 val_iou=0.2860 - best saved
    epoch 6: training 88 batch...
    epoch 6: validasi 19 batch...
    epoch 6: menyimpan best weights...
Epoch 006/10 - loss=0.7312 dice=0.4927 iou=0.3311 - val_loss=0.7181 val_dice=0.4942 val_iou=0.3320 - best saved
    epoch 7: training 88 batch...
    epoch 7: validasi 19 batch...
    epoch 7: menyimpan best weights...
Epoch 007/10 - loss=0.7257 dice=0.4947 iou=0.3343 - val_loss=0.7033 val_dice=0.5005 val_iou=0.3368 - best saved
    epoch 8: training 88 batch...
    epoch 8: validasi 19 batch...
    epoch 8: menyimpan best weights...
Epoch 008/10 - loss=0.7183 dice=0.5010 iou=0.3413 - val_loss=0.6796 val_dice=0.5405 val_iou=0.3739 - best saved
    epoch 9: training 88 batch...
    epoch 9: validasi 19 batch...
    epoch 9: menyimpan best weights...
Epoch 009/10 - loss=0.7121 dice=0.5145 iou=0.3512 - val_loss=0.6749 val_dice=0.5441 val_iou=0.3797 - best saved
    epoch 10: training 88 batch...
    epoch 10: validasi 19 batch...
Epoch 010/10 - loss=0.7014 dice=0.5228 iou=0.3594 - val_loss=0.6864 val_dice=0.5163 val_iou=0.3520 - no improve (1/8)
  - Training selesai

[3/4] Evaluasi test set untuk loss JACCARD...
  - Memakai best weights berdasarkan validation Dice
Hasil test:
  accuracy=0.8401 precision=0.4990 recall=0.6854 dice=0.5775 iou=0.4060
  confusion pixels: TP=822521 TN=5500599 FP=825770 FN=377510
  output folder: outputs\unet\hasil-unet-kvasir-seg-2026-09-29_18-51-16\jaccard

[4/4] Ringkasan komparasi loss
loss_name  accuracy  precision   recall     dice      iou
  jaccard  0.840125   0.499014 0.685416 0.577548 0.406023

Output visual:
Preprocessing        : outputs\unet\hasil-unet-kvasir-seg-2026-09-29_18-51-16\01_visualisasi_resize_normalisasi.png
Train/val/test       : outputs\unet\hasil-unet-kvasir-seg-2026-09-29_18-51-16\02_visualisasi_train_val_test.png
Distribusi split     : outputs\unet\hasil-unet-kvasir-seg-2026-09-29_18-51-16\03_distribusi_train_val_test.png
Hyperparameter       : outputs\unet\hasil-unet-kvasir-seg-2026-09-29_18-51-16\04_hyperparameters.csv
Grafik performa loss : outputs\unet\hasil-unet-kvasir-seg-2026-09-29_18-51-16\06_performa_loss_function.png

Semua output tersimpan di: D:\unair\outputs\unet\hasil-unet-kvasir-seg-2026-09-29_18-51-16
